[debug] [2026-02-26T00:58:17.526Z] ----------------------------------------------------------------------
[debug] [2026-02-26T00:58:17.531Z] Command:       C:\Program Files\nodejs\node.exe C:\Users\marca\AppData\Local\npm-cache\_npx\ba4f1959e38407b5\node_modules\firebase-tools\lib\bin\firebase.js init dataconnect --project demo-no-project
[debug] [2026-02-26T00:58:17.532Z] CLI Version:   15.8.0
[debug] [2026-02-26T00:58:17.533Z] Platform:      win32
[debug] [2026-02-26T00:58:17.533Z] Node Version:  v24.12.0
[debug] [2026-02-26T00:58:17.533Z] Time:          Thu Feb 26 2026 08:58:17 GMT+0800 (Philippine Standard Time)
[debug] [2026-02-26T00:58:17.533Z] ----------------------------------------------------------------------
[debug] 
[debug] [2026-02-26T00:58:17.538Z] >>> [apiv2][query] GET https://firebase-public.firebaseio.com/cli.json [none]
[info] 
     ######## #### ########  ######## ########     ###     ######  ########
     ##        ##  ##     ## ##       ##     ##  ##   ##  ##       ##
     ######    ##  ########  ######   ########  #########  ######  ######
     ##        ##  ##    ##  ##       ##     ## ##     ##       ## ##
     ##       #### ##     ## ######## ########  ##     ##  ######  ########

You're about to initialize a Firebase project in this directory:

  C:\Users\marca\OneDrive\Desktop\TheOriginals\originals-printing-co

Before we get started, keep in mind:

  * You are initializing within an existing Firebase project directory

[debug] [2026-02-26T00:58:22.154Z] <<< [apiv2][status] GET https://firebase-public.firebaseio.com/cli.json 200
[debug] [2026-02-26T00:58:22.155Z] <<< [apiv2][body] GET https://firebase-public.firebaseio.com/cli.json {"cloudBuildErrorAfter":1594252800000,"cloudBuildWarnAfter":1590019200000,"defaultNode10After":1594252800000,"minVersion":"3.0.5","node8DeploysDisabledAfter":1613390400000,"node8RuntimeDisabledAfter":1615809600000,"node8WarnAfter":1600128000000}
